******************************************************************************
               TMS320C6x Linker PC v6.1.15                     
******************************************************************************
>> Linked Fri Mar 23 09:24:08 2018

OUTPUT FILE NAME:   <RTDSP.out>
ENTRY POINT SYMBOL: "_c_int00"  address: 00016c60


MEMORY CONFIGURATION

         name            origin    length      used     unused   attr    fill
----------------------  --------  ---------  --------  --------  ----  --------
  IRAM                  00000000   00040000  00018593  00027a6d  RWIX
  SDRAM                 80000000   00800000  00000000  00800000  RWIX


SECTION ALLOCATION MAP

 output                                  attributes/
section   page    origin      length       input sections
--------  ----  ----------  ----------   ----------------
.vers      0    00000000    00000040     COPY SECTION
                  00000000    00000040     dsp_bios_cfg.obj (.vers)

.prd       0    00000000    00000000     UNINITIALIZED

.hwi_vec   0    00000000    00000200     
                  00000000    00000200     dsp_bios_cfg.obj (.hwi_vec)

.data      0    00000000    00000000     UNINITIALIZED

.IRAM$heap 
*          0    00000200    00008000     UNINITIALIZED
                  00000200    00008000     --HOLE--

.text      0    00008200    000074a0     
                  00008200    000024a0     enhance.obj (.text)
                  0000a6a0    00000900     rts6700.lib : divd.obj (.text:__divd)
                  0000afa0    000008e0     fft_functions.obj (.text)
                  0000b880    00000680     complex.obj (.text)
                  0000bf00    00000620     rts6700.lib : divf.obj (.text:__divf)
                  0000c520    00000480     dsk6713bslccsv4.lib : dsk6713.obj (.text)
                  0000c9a0    00000380     rts6700.lib : frcmpyd_div.obj (.text:__frcmpyd_div)
                  0000cd20    00000340                 : cos.obj (.text:_cos)
                  0000d060    00000320                 : sin.obj (.text:_sin)
                  0000d380    000002e0     dsk6713bslccsv4.lib : dsk6713_aic23_opencodec.obj (.text)
                  0000d660    00000280     rts6700.lib : exp.obj (.text:_exp)
                  0000d8e0    00000260                 : log.obj (.text:_log)
                  0000db40    00000240                 : memcpy62.obj (.text:_memcpy)
                  0000dd80    00000240                 : sqrt.obj (.text:_sqrt)
                  0000dfc0    000001c0     csl6713.lib : csl_irq.obj (.text:_IRQ_map)
                  0000e180    000001a0                 : csl_mcbsp.obj (.text:_MCBSP_reset)
                  0000e320    000001a0     rts6700.lib : ldexp.obj (.text:_ldexp)
                  0000e4c0    00000180     bios.a67 : gbl_cslpllinit62.o67 (.text)
                  0000e640    00000180     dsk6713bslccsv4.lib : dsk6713_aic23_registers.obj (.text)
                  0000e7c0    00000140     rts6700.lib : strasg.obj (.text:__strasgi)
                  0000e900    00000120                 : sinit.obj (.text:_call_dtors)
                  0000ea20    00000120                 : frexp.obj (.text:_frexp)
                  0000eb40    00000120                 : memset.obj (.text:_memset)
                  0000ec60    00000100     csl6713.lib : csl_mcbsp.obj (.text:_MCBSP_open)
                  0000ed60    00000100                 : csl_mcbsp.obj (.text:_MCBSP_start)
                  0000ee60    00000100     rts6700.lib : atexit.obj (.text:_atexit)
                  0000ef60    000000e0                 : frcmpyf_div.obj (.text:__frcmpyf_div)
                  0000f040    000000e0                 : round.obj (.text:__nround)
                  0000f120    000000e0     dsk6713bslccsv4.lib : helper_functions_ISR.obj (.text)
                  0000f200    000000c0     rts6700.lib : modf.obj (.text:_modf)
                  0000f2c0    000000c0     bios.a67 : tsk_stup.o67 (.text)
                  0000f380    000000a0     rts6700.lib : mpyll.obj (.text:__mpyll)
                  0000f420    000000a0     csl6713.lib : csl_irq.obj (.text:_setMux)
                  0000f4c0    00000060     rts6700.lib : log10.obj (.text:_log10)
                  0000f520    00000040                 : sinit.obj (.text:___add_dtor)
                  0000f560    00000040                 : divd.obj (.text:___isnan)
                  0000f5a0    00000040                 : divf.obj (.text:___isnanf)
                  0000f5e0    00000040                 : trunc.obj (.text:__trunc)
                  0000f620    00000020                 : _lock.obj (.text:__nop)
                  0000f640    00000020                 : _lock.obj (.text:__register_lock)
                  0000f660    00000020                 : _lock.obj (.text:__register_unlock)
                  0000f680    00000020     csl6713.lib : csl_irq.obj (.text)

.bios      0    0000f6a0    00004ac0     
                  0000f6a0    00000600     lnkrtdx.a67 : rtdx.o67 (.bios)
                  0000fca0    000005e0     bios.a67 : gbl_setL2CacheMode.o67 (.bios)
                  00010280    00000540              : swi.o67 (.bios)
                  000107c0    00000460              : hwi_disp_asm.o67 (.bios)
                  00010c20    000003e0              : malloc.o67 (.bios)
                  00011000    000003a0              : prd.o67 (.bios)
                  000113a0    000002c0              : knl_run.o67 (.bios)
                  00011660    000002c0              : rta.o67 (.bios)
                  00011920    000002c0              : sem_pend.o67 (.bios)
                  00011be0    00000280              : mem_allo.o67 (.bios:.near)
                  00011e60    00000260              : knl_tick.o67 (.bios)
                  000120c0    00000240              : mem_free.o67 (.bios:.near)
                  00012300    00000240              : pip.o67 (.bios)
                  00012540    00000220              : sem_dopo.o67 (.bios)
                  00012760    00000200              : tsk_setu.o67 (.bios)
                  00012960    000001c0              : knl_swit.o67 (.bios)
                  00012b20    000001c0     biosC6000.a67 : clk.o67 (.bios)
                  00012ce0    000001a0     bios.a67 : tsk_exit.o67 (.bios)
                  00012e80    00000180              : autoinit.o67 (.bios)
                  00013000    00000180              : tsk_stup.o67 (.bios)
                  00013180    00000140              : knl_chec.o67 (.bios)
                  000132c0    000000e0              : gbl_cslcacheinit.o67 (.bios)
                  000133a0    000000e0              : knl_exit.o67 (.bios)
                  00013480    000000e0              : sem_post.o67 (.bios)
                  00013560    000000e0              : sem_post_asm.o67 (.bios)
                  00013640    000000e0     biosC6000.a67 : clk_meas.o67 (.bios)
                  00013720    000000c0     bios.a67 : knl_ipos.o67 (.bios)
                  000137e0    000000c0              : knl_post.o67 (.bios)
                  000138a0    000000c0              : lck.o67 (.bios)
                  00013960    000000c0              : sys_exit.o67 (.bios)
                  00013a20    000000c0     biosC6000.a67 : clk_htime.o67 (.bios)
                  00013ae0    00000080     bios.a67 : fxn.o67 (.bios)
                  00013b60    00000080              : idl_busy.o67 (.bios)
                  00013be0    00000080              : log.o67 (.bios)
                  00013c60    00000080              : sts.o67 (.bios)
                  00013ce0    00000080     biosC6000.a67 : idl_cal.o67 (.bios)
                  00013d60    00000060     bios.a67 : sys_erro.o67 (.bios:.near)
                  00013dc0    00000060              : hwi_c.o67 (.bios)
                  00013e20    00000060              : sem_pend_counting.o67 (.bios)
                  00013e80    00000060              : sys_abor.o67 (.bios)
                  00013ee0    00000060              : utl_putc.o67 (.bios)
                  00013f40    00000060     biosC6000.a67 : clk_start.o67 (.bios)
                  00013fa0    00000040     bios.a67 : idl_stub.o67 (.bios)
                  00013fe0    00000040              : rta_andn.o67 (.bios)
                  00014020    00000040              : utl_doab.o67 (.bios)
                  00014060    00000040     biosC6000.a67 : clk_stop.o67 (.bios)
                  000140a0    00000020     bios.a67 : fxn_c.o67 (.bios)
                  000140c0    00000020              : gbl_vers.o67 (.bios)
                  000140e0    00000020              : idl.o67 (.bios)
                  00014100    00000020              : sts_set.o67 (.bios)
                  00014120    00000020              : utl_doer.o67 (.bios)
                  00014140    00000020              : utl_halt.o67 (.bios)

.cinit     0    00014160    0000124c     
                  00014160    000005ac     dsp_bios_cfg.obj (.cinit)
                  0001470c    00000004     --HOLE-- [fill = 0]
                  00014710    0000026c     bios.a67 : biosdata.o67 (.cinit)
                  0001497c    00000004     --HOLE-- [fill = 0]
                  00014980    000001a4              : knl.o67 (.cinit)
                  00014b24    00000004     --HOLE-- [fill = 0]
                  00014b28    0000018c     enhance.obj (.cinit)
                  00014cb4    00000004     --HOLE-- [fill = 0]
                  00014cb8    0000012c     csl6713.lib : csl_irq.obj (.cinit)
                  00014de4    00000004     --HOLE-- [fill = 0]
                  00014de8    000000b0     bios.a67 : swi.o67 (.cinit)
                  00014e98    00000070              : tsk.o67 (.cinit)
                  00014f08    00000060              : tsk_stup.o67 (.cinit)
                  00014f68    0000005c     lnkrtdx.a67 : rtdx.o67 (.cinit)
                  00014fc4    00000004     --HOLE-- [fill = 0]
                  00014fc8    00000054     csl6713.lib : csl_mcbsp.obj (.cinit)
                  0001501c    00000004     --HOLE-- [fill = 0]
                  00015020    0000004c     bios.a67 : rta.o67 (.cinit)
                  0001506c    00000004     --HOLE-- [fill = 0]
                  00015070    0000004c     rtdx.lib : buffer1.o62 (.cinit)
                  000150bc    00000004     --HOLE-- [fill = 0]
                  000150c0    00000048     rts6700.lib : cos.obj (.cinit)
                  00015108    00000048                 : sin.obj (.cinit)
                  00015150    00000040                 : exp.obj (.cinit)
                  00015190    00000040                 : log.obj (.cinit)
                  000151d0    00000034     bios.a67 : hwi.o67 (.cinit)
                  00015204    00000004     --HOLE-- [fill = 0]
                  00015208    00000030     dsk6713bslccsv4.lib : dsk6713_aic23_registers.obj (.cinit)
                  00015238    0000002c     bios.a67 : utl_putc.o67 (.cinit)
                  00015264    00000004     --HOLE-- [fill = 0]
                  00015268    0000002c     rts6700.lib : exit.obj (.cinit)
                  00015294    00000004     --HOLE-- [fill = 0]
                  00015298    00000024     bios.a67 : obj_init.o67 (.cinit)
                  000152bc    00000004     --HOLE-- [fill = 0]
                  000152c0    0000001c              : sys.o67 (.cinit)
                  000152dc    00000004     --HOLE-- [fill = 0]
                  000152e0    0000001c     rts6700.lib : _lock.obj (.cinit)
                  000152fc    00000004     --HOLE-- [fill = 0]
                  00015300    0000001c                 : atexit.obj (.cinit)
                  0001531c    00000004     --HOLE-- [fill = 0]
                  00015320    00000018     bios.a67 : knl_tick.o67 (.cinit)
                  00015338    00000010     rts6700.lib : divd.obj (.cinit)
                  00015348    00000010                 : divf.obj (.cinit)
                  00015358    0000000c     bios.a67 : gbl_setL2CacheMode.o67 (.cinit)
                  00015364    00000004     --HOLE-- [fill = 0]
                  00015368    0000000c              : idl_busy.o67 (.cinit)
                  00015374    00000004     --HOLE-- [fill = 0]
                  00015378    0000000c              : knl_swit.o67 (.cinit)
                  00015384    00000004     --HOLE-- [fill = 0]
                  00015388    0000000c     rts6700.lib : errno.obj (.cinit)
                  00015394    00000004     --HOLE-- [fill = 0]
                  00015398    0000000c                 : sinit.obj (.cinit)
                  000153a4    00000004     --HOLE-- [fill = 0]
                  000153a8    00000004     (.pad.cinit) [fill = 0]

.hst1      0    000153ac    00000010     UNINITIALIZED
                  000153ac    00000010     dsp_bios_cfg.obj (.hst1)

.args      0    000153bc    00000004     
                  000153bc    00000004     --HOLE-- [fill = 0]

.rtdx_text 
*          0    000153c0    00000ea0     
                  000153c0    00000400     rtdx.lib : rtdx_mon.o62 (.rtdx_text:_RTDX_Poll)
                  000157c0    00000340              : buffer1.o62 (.rtdx_text:_RTDX_Buffer_WriteCB)
                  00015b00    00000300              : buffer1.o62 (.rtdx_text:_RTDX_write_next)
                  00015e00    00000140              : rtdx_mon.o62 (.rtdx_text:_RTDX_Mon_Queue)
                  00015f40    000000e0              : buffer1.o62 (.rtdx_text:_claim)
                  00016020    00000080              : rtdx_mon.o62 (.rtdx_text:_RTDX_Init_RT_Monitor)
                  000160a0    00000060              : buffer1.o62 (.rtdx_text:_RTDX_Buffer_Initialize)
                  00016100    00000060              : buffer2.o62 (.rtdx_text:_RTDX_Buffer_ReadCB)
                  00016160    00000040              : buffer1.o62 (.rtdx_text:_RTDX_Buffer_Size)
                  000161a0    00000040              : rtdx_mon.o62 (.rtdx_text:_RTDX_Final_RT_Monitor)
                  000161e0    00000020              : buffer2.o62 (.rtdx_text:_RTDX_Buffer_Read)
                  00016200    00000020              : buffer1.o62 (.rtdx_text:_RTDX_Buffer_Write)
                  00016220    00000020              : rtdx_mon.o62 (.rtdx_text:_RTDX_checksum)
                  00016240    00000020              : intr_tgt.o62 (.rtdx_text)

.far       0    00016260    0000062c     UNINITIALIZED
                  00016260    00000188     rts6700.lib : atexit.obj (.far)
                  000163e8    000000f4     csl6713.lib : csl_irq.obj (.far)
                  000164dc    000000d8     bios.a67 : knl.o67 (.far)
                  000165b4    0000005c              : tsk.o67 (.far)
                  00016610    00000054              : obj_init.o67 (.far)
                  00016664    00000050              : tsk_stup.o67 (.far)
                  000166b4    00000004     rts6700.lib : errno.obj (.far)
                  000166b8    00000040                 : cos.obj (.far)
                  000166f8    00000040                 : sin.obj (.far)
                  00016738    00000038     csl6713.lib : csl_mcbsp.obj (.far)
                  00016770    00000030     enhance.obj (.far)
                  000167a0    00000030     rts6700.lib : exp.obj (.far)
                  000167d0    00000030                 : log.obj (.far)
                  00016800    00000028     dsk6713bslccsv4.lib : dsk6713_aic23_registers.obj (.far)
                  00016828    00000020     bios.a67 : sys.o67 (.far)
                  00016848    00000010              : knl_tick.o67 (.far)
                  00016858    0000000c              : utl_putc.o67 (.far)
                  00016864    0000000c     rts6700.lib : exit.obj (.far)
                  00016870    00000008                 : _lock.obj (.far)
                  00016878    00000008                 : divd.obj (.far)
                  00016880    00000008                 : divf.obj (.far)
                  00016888    00000004                 : sinit.obj (.far)

.idl       0    0001688c    00000010     UNINITIALIZED
                  0001688c    00000010     dsp_bios_cfg.obj (.idl)

.mem       0    0001689c    00000004     UNINITIALIZED
                  0001689c    00000004     dsp_bios_cfg.obj (.mem)

.sysinit   0    000168a0    00000520     
                  000168a0    000002e0     dsp_bios_cfg.obj (.sysinit)
                  00016b80    000000e0     bios.a67 : mem_init.o67 (.sysinit)
                  00016c60    000000c0              : boot.o67 (.sysinit)
                  00016d20    00000080              : tsk_init.o67 (.sysinit)
                  00016da0    00000020              : obj_init.o67 (.sysinit)

.rtdx_data 
*          0    00016dc0    0000044c     UNINITIALIZED
                  00016dc0    00000410     dsp_bios_cfg.obj (.rtdx_data)
                  000171d0    00000020     rtdx.lib : buffer1.o62 (.rtdx_data)
                  000171f0    0000001c              : rtdx_mon.o62 (.rtdx_data)

.bss       0    0001720c    00000406     UNINITIALIZED
                  0001720c    00000100     bios.a67 : hwi_disp_asm.o67 (.bss)
                  0001730c    000000cc              : biosdata.o67 (.bss)
                  000173d8    000000b8     enhance.obj (.bss)
                  00017490    0000009c     bios.a67 : swi.o67 (.bss)
                  0001752c    00000048              : knl.o67 (.bss)
                  00017574    00000028     dsp_bios_cfg.obj (.bss)
                  0001759c    00000018     bios.a67 : hwi.o67 (.bss)
                  000175b4    00000018     lnkrtdx.a67 : rtdx.o67 (.bss)
                  000175cc    00000010     rtdx.lib : buffer1.o62 (.bss)
                  000175dc    0000000c     bios.a67 : tsk.o67 (.bss)
                  000175e8    00000008              : clk_data.o67 (.bss)
                  000175f0    00000008              : sys.o67 (.bss)
                  000175f8    00000008     dsk6713bslccsv4.lib : dsk6713_aic23_opencodec.obj (.bss)
                  00017600    00000004     bios.a67 : clk_data2.o67 (.bss)
                  00017604    00000004              : gbl_setL2CacheMode.o67 (.bss)
                  00017608    00000004              : idl_busy.o67 (.bss)
                  0001760c    00000004              : mem_asm.o67 (.bss)
                  00017610    00000002     dsk6713bslccsv4.lib : dsk6713.obj (.bss)

.TSK_idle$stk 
*          0    00017618    00000400     UNINITIALIZED
                  00017618    00000400     dsp_bios_cfg.obj (.TSK_idle$stk)

.stack     0    00017a18    00000400     UNINITIALIZED
                  00017a18    00000400     --HOLE--

.trace     0    00017e18    00000200     
                  00017e18    00000200     --HOLE-- [fill = 00000000]

.const     0    00018018    00000101     
                  00018018    0000004e     bios.a67 : tsk_stup.o67 (.const)
                  00018066    00000002     --HOLE-- [fill = 0]
                  00018068    00000040     dsk6713bslccsv4.lib : dsk6713_aic23_opencodec.obj (.const)
                  000180a8    00000023     bios.a67 : utl_doab.o67 (.const)
                  000180cb    00000022              : utl_doer.o67 (.const)
                  000180ed    00000003     --HOLE-- [fill = 0]
                  000180f0    00000020     dsk6713bslccsv4.lib : dsk6713.obj (.const)
                  00018110    00000004     bios.a67 : mem_allo.o67 (.const)
                  00018114    00000004              : mem_free.o67 (.const)
                  00018118    00000001              : tsk.o67 (.const)

.printf    0    00018119    0000003f     COPY SECTION
                  00018119    0000003f     dsp_bios_cfg.obj (.printf)

.pip       0    0001811c    000000c8     UNINITIALIZED
                  0001811c    000000c8     dsp_bios_cfg.obj (.pip)

.log       0    000181e4    00000018     
                  000181e4    00000018     dsp_bios_cfg.obj (.log)

.LOG_system$buf 
*          0    00018200    00000100     UNINITIALIZED
                  00018200    00000100     dsp_bios_cfg.obj (.LOG_system$buf)

.hst0      0    00018300    00000100     UNINITIALIZED
                  00018300    00000100     dsp_bios_cfg.obj (.hst0)

.tsk       0    00018400    00000060     UNINITIALIZED
                  00018400    00000060     dsp_bios_cfg.obj (.tsk)

.gblinit   0    00018460    00000040     
                  00018460    00000040     dsp_bios_cfg.obj (.gblinit)

.hst       0    000184a0    0000003c     UNINITIALIZED
                  000184a0    0000003c     dsp_bios_cfg.obj (.hst)

.sts       0    000184dc    00000030     
                  000184dc    00000030     dsp_bios_cfg.obj (.sts)

.swi       0    0001850c    0000002c     UNINITIALIZED
                  0001850c    0000002c     dsp_bios_cfg.obj (.swi)

.switch    0    00018538    00000028     
                  00018538    00000028     rtdx.lib : rtdx_mon.o62 (.switch)

.idlcal    0    00018560    00000010     UNINITIALIZED
                  00018560    00000010     dsp_bios_cfg.obj (.idlcal)

.sys       0    00018570    00000010     UNINITIALIZED
                  00018570    00000010     dsp_bios_cfg.obj (.sys)

.pinit     0    00018580    0000000c     
                  00018580    00000004     rtdx.lib : buffer1.o62 (.pinit)
                  00018584    00000004              : rtdx_mon.o62 (.pinit)
                  00018588    00000004     --HOLE-- [fill = 0]

.trcdata   0    0001858c    0000000c     
                  0001858c    0000000c     bios.a67 : trc.o67 (.trcdata)

.clk       0    00018598    00000008     UNINITIALIZED
                  00018598    00000008     dsp_bios_cfg.obj (.clk)


GLOBAL SYMBOLS: SORTED ALPHABETICALLY BY Name 

address    name
--------   ----
0001720c   $bss
0001720c   .bss
00000000   .data
00008200   .text
00016a5c   BIOS$$CLKOFF
00016a1c   BIOS$$CLKON
000168a0   BIOS_init
00016ac4   BIOS_start
00000000   BUF$
00000001   BUF_ENABLED
00000001   CLK$
00018598   CLK_A_TABBEG
00000001   CLK_CALDIV
00000004   CLK_CALMULT
0000dbba   CLK_COUNTSPMS
00000000   CLK_COUNTSPMSHIGH
00017334   CLK_D_idletime
00017330   CLK_D_isrhook
0001732c   CLK_D_tabbeg
00017328   CLK_D_timefxn
00013a20   CLK_F_getfhtime
00013a40   CLK_F_gethtime
00012b20   CLK_F_getltime
00013a40   CLK_F_getshtime
00012b34   CLK_F_isr
00012c94   CLK_F_itime
000107c0   CLK_HOOKFXN
00000001   CLK_HTIMEDIV
00000004   CLK_HTIMEMULT
0000dbba   CLK_HTIMEPERLTIME
00004000   CLK_INTBIT
00000001   CLK_LTIMEDIV
00036ee8   CLK_LTIMEMULT
000003e8   CLK_MICROSECS
0000dbba   CLK_PRD
00000000   CLK_PRDHIGH
01940000   CLK_REGS
00017324   CLK_R_time
00000020   CLK_TCR
00000000   CLK_TDDR
00000000   CLK_TDDRHIGH
00013a40   CLK_TIMEFXN
00000000   CLK_TIMERNUM
00000001   CLK_USETIMER
0001859c   CLK_null
00000000   DEV$
00000000   DGN$
00000000   DHL$
00000000   DHL_gChannelsAvailable
00000000   DIO$
00000000   DIO_NUMSWIBASE
00000000   DIO_NUMTSKBASE
00000000   DIO_STATIC
00000000   DPI$
00013ae0   FXN_F_nop
00013ae8   FXN_F_run
00013b38   FXN_F_zero
00000001   GBL$
00005205   GBL_A_VERSION
00000000   GBL_BIGENDIAN
00000000   GBL_C641XL2PRIORITY
00000000   GBL_CACHE
00000001   GBL_CALLCSLCFGINIT
00004e20   GBL_CLKIN
00001770   GBL_CLKTYPE
00001a39   GBL_DSPSUBTYPE
0000003e   GBL_DSPTYPE
00000001   GBL_ENABLEINST
00000042   GBL_FOOTPRINT
00036ee8   GBL_FREQ
00002226   GBL_L2ALLOC
00000000   GBL_L2CONFIGALLOC
00000001   GBL_L2CONFIGURE
00000001   GBL_L2MARMASK
00000000   GBL_L2MARMASK1
00000000   GBL_L2MARMASK2
00000000   GBL_L2MARMASK3
00000000   GBL_L2MARMASK4
00000000   GBL_L2MARMASK5
00000000   GBL_L2MODE
00000000   GBL_L2PRIORITY
00000000   GBL_NULL
00000000   GBL_PROCID
00000000   GBL_ROM
00000000   GBL_SUPPORTCSL
0000dbef   GBL_TRCMASKVALUE
00000001   GBL_USERINIT
0000e4e8   GBL_USERINITFXN
00000001   GBL_boot
00018594   GBL_initdone
00017a18   GBL_stackbeg
00017e17   GBL_stackend
00000000   GIO$
000140a0   GIO_CREATEFXN
000140a0   GIO_DELETEFXN
000140a0   GIO_PENDFXN
000140a0   GIO_POSTFXN
00000000   HOOK$
00000000   HOOK_KNLID
00000001   HST$
000184a0   HST_A_TABBEG
000184dc   HST_A_TABEND
00000000   HST_DSM
00017580   HST_DSMBUFSEG
00000400   HST_DSMMEMSIZE
000173a0   HST_D_chanmask
000173a4   HST_D_tabbeg
000173a8   HST_D_tabend
000000ff   HST_MAXFRAMEALLOWED
00000040   HST_MAXFRAMESET
00000000   HST_NONE
00000001   HST_RTDX
00000001   HWI$
00000000   HWI_A_VECS
00004018   HWI_CFGDISPATCHED
000175ac   HWI_D_bss
000175b0   HWI_D_ccmask
0001759c   HWI_D_spsave
000107c0   HWI_F_dispatch
00000000   HWI_GENERATE_RESET_VEC
0000000a   HWI_INT10
00000000   HWI_INT10$hwi
0000000b   HWI_INT11
00000000   HWI_INT11$hwi
0000000c   HWI_INT12
00000000   HWI_INT12$hwi
0000000d   HWI_INT13
00000000   HWI_INT13$hwi
0000000e   HWI_INT14
00000000   HWI_INT14$hwi
0000000f   HWI_INT15
00000000   HWI_INT15$hwi
00000004   HWI_INT4
00000000   HWI_INT4$hwi
00000005   HWI_INT5
00000000   HWI_INT5$hwi
00000006   HWI_INT6
00000000   HWI_INT6$hwi
00000007   HWI_INT7
00000000   HWI_INT7$hwi
00000008   HWI_INT8
00000000   HWI_INT8$hwi
00000009   HWI_INT9
00000000   HWI_INT9$hwi
082039a3   HWI_INTRMULTHIGH
310718af   HWI_INTRMULTLOW
00000001   HWI_NMI
00000000   HWI_NMI$hwi
00000000   HWI_POLARITYMASK
00000002   HWI_RESERVED0
00000000   HWI_RESERVED0$hwi
00000003   HWI_RESERVED1
00000000   HWI_RESERVED1$hwi
00000000   HWI_RESET
00000000   HWI_RESET$hwi
00000001   HWI_ZEROTAB
00000001   IDL$
00018560   IDL_A_CALBEG
0001688c   IDL_A_TABBEG
00000006   IDL_CALIBRERROR
00013fa0   IDL_CALIBRFXN
00017608   IDL_D_busyObj
00017314   IDL_D_calbeg
00017310   IDL_D_calibrate
0001730c   IDL_D_tabbeg
00016898   IDL_END
0001856c   IDL_END$
00013b60   IDL_F_busy
00013ce0   IDL_F_calibrate
000140e0   IDL_F_loop
00013fa0   IDL_F_stub
00000001   IDL_USECLKIDLTIME
00018500   IDL_busyObj
00018153   IDL_busyObj$avgfmt
00000001   IDL_busyObj$filter
00000001   IDL_busyObj$iA
00000000   IDL_busyObj$iB
00000001   IDL_busyObj$iC
0001814d   IDL_busyObj$maxfmt
00000000   IDL_busyObj$operation
000184fc   IDL_busyObj$stsobj
00018150   IDL_busyObj$sumfmt
00000002   IDL_busyObj$unittype
0001688c   IDL_cpuLoad
00018560   IDL_cpuLoad$
00017580   IRAM
00000200   IRAM$B
00008000   IRAM$L
00000001   ISRC$
00012ae0   KNL_glue
0001850c   KNL_swi
00000001   KNL_swi$dorta
00000000   KNL_swi$ord
00000000   KNL_swi$pri
000184e0   KNL_swi$sts
00018129   KNL_swi$sts$avgfmt
00000002   KNL_swi$sts$filter
00000001   KNL_swi$sts$filtmaxmult
00000001   KNL_swi$sts$filtsummult
00018119   KNL_swi$sts$maxfmt
000184dc   KNL_swi$sts$stsobj
00018121   KNL_swi$sts$sumfmt
00000000   KNL_swi$sts$unittype
00000000   KNL_swi$swi
00000001   LCK$
0000f6a0   LNK_F_checkBufferCall
0000f720   LNK_F_dataPump
0000f6c0   LNK_F_getChanPtr
0000f718   LNK_F_init
0000fc64   LNK_F_readCallBack
00016890   LNK_dataPump
00018564   LNK_dataPump$
000175b8   LNK_dspFrameReadyMask
000175b4   LNK_dspFrameRequestMask
0000f9c0   LNK_newin
0000fb00   LNK_newout
0000f734   LNK_rcloop
0000f800   LNK_rdrtry
000175c0   LNK_readDone
000175c4   LNK_readFail
000175bc   LNK_readPend
0000f810   LNK_rrloop
000175c8   LNK_writeFail
0000f8e4   LNK_wrloop
0000f8d4   LNK_wrrtry
00000001   LOG$
000181e4   LOG_A_TABBEG
000181fc   LOG_A_TABEND
00000001   LOG_A_TABLEN
00017318   LOG_D_system
00000001   LOG_ENABLED
00013be0   LOG_F_event
000181e4   LOG_system
00018200   LOG_system$buf
00000000   LOG_system$datatype
00000000   LOG_system$log
00000040   LOG_system$size
00000000   MBX$
00000001   MEM$
00017580   MEM_MALLOCSEG
00000000   MEM_NULL
00017580   MEM_SEGZERO
00000000   MEM_USEMPC
00000001   MEM_gNumHeap
00000000   MSGQ$
00000000   MSGQ_USEMSGQ
00000000   OBJ$
00000000   PIP$
0001811c   PIP_A_TABBEG
000181e4   PIP_A_TABEND
00000002   PIP_A_TABLEN
0001731c   PIP_D_tabbeg
00017320   PIP_D_tablen
00012394   PIP_F_give
00012394   PIP_F_probe
00012468   PIP_F_start
00012300   PIP_F_take
00000064   PIP_OBJSIZE
00000000   PIP_gNextId
00000002   PIP_gNumEmbed
00000000   POOL$
00000000   POOL_USEPOOL
00000001   PRD$
00000000   PRD_A_TABBEG
00000000   PRD_A_TABEND
00000000   PRD_A_TABLEN
0001735c   PRD_D_cur
00017360   PRD_D_elapsed
00017364   PRD_D_prevtim
00017368   PRD_D_scalar
0001736c   PRD_D_swihandle
00017370   PRD_D_tabbeg
00017374   PRD_D_tablen
00017378   PRD_D_thook
00017358   PRD_D_tick
00011000   PRD_F_swi
000112c0   PRD_F_tick
00004000   PRD_SCALAR
00000000   PRD_SWIHANDLE
000120a0   PRD_THOOKFXN
00018598   PRD_clock
00000001   QUE$
0001737c   RTA_D_fromHost
00017384   RTA_D_logval
00017394   RTA_D_stsval
00017380   RTA_D_toHost
00013fe0   RTA_F_andn
00011758   RTA_F_dispatch
00011660   RTA_F_getlog
000116a4   RTA_F_getsts
00014000   RTA_F_or
000116ec   RTA_F_readblk
00011718   RTA_F_resetmem
0001170c   RTA_F_writeword
00016894   RTA_dispatcher
00018568   RTA_dispatcher$
000117a8   RTA_execute
000184a4   RTA_fromHost
000153ac   RTA_fromHost$buf
00000004   RTA_fromHost$framesize
00000000   RTA_fromHost$hst
00000001   RTA_fromHost$id
00000000   RTA_fromHost$mode
0001811c   RTA_fromHost$pipe
0001814c   RTA_fromHost$pipe$aaa
0001817c   RTA_fromHost$pipe$bbb
00017584   RTA_fromHost$pipe$dtab
00018120   RTA_fromHost$pipe$rd
00018150   RTA_fromHost$pipe$wr
000184ac   RTA_fromHost$rtdx
000184c0   RTA_toHost
00018300   RTA_toHost$buf
00000040   RTA_toHost$framesize
00000000   RTA_toHost$hst
00000000   RTA_toHost$id
00000001   RTA_toHost$mode
00018180   RTA_toHost$pipe
000181b0   RTA_toHost$pipe$aaa
000181e0   RTA_toHost$pipe$bbb
00017590   RTA_toHost$pipe$dtab
00018184   RTA_toHost$pipe$rd
000181b4   RTA_toHost$pipe$wr
000184c8   RTA_toHost$rtdx
00000001   RTDX$
00000408   RTDX_BUFMEMSIZE
00017580   RTDX_DATAMEMSEG
00000000   RTDX_MODE
00000001   RTDX_NORMALIZED_HDR
00000001   RTDX_USERTDX
00000000   RTDX_USERTEXECUTION
ffffffff   SDRAM
00000000   SEM$
00000000   SIO$
00000001   STS$
000184dc   STS_A_TABBEG
0001850c   STS_A_TABEND
00013c98   STS_F_add
00013c60   STS_F_delta
00013cc4   STS_F_reset
00000001   SWI$
0001850c   SWI_A_TABBEG
00018538   SWI_A_TABEND
00000001   SWI_A_TABLEN
000174a8   SWI_D_curfxn
00017498   SWI_D_curmask
000174a4   SWI_D_curmbox
0001749c   SWI_D_curset
00017494   SWI_D_execaddr
000174b0   SWI_D_inswi
000174a0   SWI_D_lock
000174ac   SWI_D_rdybeg
000174b4   SWI_D_rdytab
00017490   SWI_D_runaddr
00000000   SWI_EHOOKFXN
0001049c   SWI_EXECFXN
00010280   SWI_F_enable
0001049c   SWI_F_exec
000104c8   SWI_F_iexec
000102f0   SWI_F_post
00010558   SWI_F_run
00000000   SWI_IHOOKFXN
00010558   SWI_RUNFXN
00000001   SYS$
00018570   SYS$config
00014020   SYS_ABORTFXN
00014120   SYS_ERRORFXN
00014140   SYS_EXITFXN
00013ee0   SYS_PUTCFXN
00018590   TRC_R_mask
0001858c   TRC_cinit
00000001   TSK$
00000000   TSK_NUM_HOOKS
00000001   TSK_PRIORITY
00000000   TSK_READYFXN
00000000   TSK_STACKSEG
00000400   TSK_STACKSIZE
00000000   TSK_SWITCHFXN
000140a0   TSK_VCREATEFXN
000140a0   TSK_VDELETEFXN
000140a0   TSK_VEXITFXN
0001840c   TSK_idle
00000000   TSK_idle$ord
00000000   TSK_idle$pri
00017618   TSK_idle$stack
000179b0   TSK_idle$stkptr
000184f0   TSK_idle$sts
00018143   TSK_idle$sts$avgfmt
00000002   TSK_idle$sts$filter
00000001   TSK_idle$sts$filtmaxmult
00000001   TSK_idle$sts$filtsummult
00018133   TSK_idle$sts$maxfmt
000184ec   TSK_idle$sts$stsobj
0001813b   TSK_idle$sts$sumfmt
00000000   TSK_idle$sts$unittype
00000000   TSK_idle$tsk
00000000   UDEV$
000168a0   _BIOS_init
00016ac4   _BIOS_start
0000dbba   _CLK_COUNTSPMS
000175e8   _CLK_DFLTMICROSECS
00017354   _CLK_D_countspms
00017348   _CLK_D_dirty
000175ec   _CLK_D_microseconds
0001734c   _CLK_D_prd
00017350   _CLK_D_tddr
00012c94   _CLK_F_itime
0000dbba   _CLK_PRD
01940000   _CLK_REGS
00000000   _CLK_TDDR
00000000   _CLK_TIMERNUM
00000001   _CLK_USETIMER
00017338   _CLK_htimeDiv
0001733c   _CLK_htimeMult
00017600   _CLK_htimePerLtime
00012c94   _CLK_itime
00017340   _CLK_ltimeDiv
00017344   _CLK_ltimeMult
00013640   _CLK_measure
00013f40   _CLK_start
00014060   _CLK_stop
00016770   _Config
000175f8   _DSK6713_AIC23_codeccontrolhandle
000175fc   _DSK6713_AIC23_codecdatahandle
0000e72c   _DSK6713_AIC23_config
0000d380   _DSK6713_AIC23_openCodec
0000e708   _DSK6713_AIC23_rget
0000e640   _DSK6713_AIC23_rset
0000c6a0   _DSK6713_getVersion
0000c6f0   _DSK6713_init
0000c60c   _DSK6713_rget
0000c5f8   _DSK6713_rset
00017610   _DSK6713_version
0000c520   _DSK6713_wait
0000c5c4   _DSK6713_waitusec
000140a0   _FXN_F_nop
00013ae8   _FXN_F_run
00013b38   _FXN_F_zero
00000000   _GBL_CACHE
000173b0   _GBL_clkIn
000132c0   _GBL_cslCacheInit
000173b4   _GBL_freq
000140c0   _GBL_getVersion
000173ac   _GBL_procId
0000e4e8   _GBL_setPLLto225MHz
000184a0   _HST_A_TABBEG
000184dc   _HST_A_TABEND
00004018   _HWI_CFGDISPATCHED
000175a8   _HWI_D_inhwi
0001759c   _HWI_D_spsave
000107c0   _HWI_F_dispatch
0000000a   _HWI_INT10
0000000b   _HWI_INT11
0000000c   _HWI_INT12
0000000d   _HWI_INT13
0000000e   _HWI_INT14
0000000f   _HWI_INT15
00000004   _HWI_INT4
00000005   _HWI_INT5
00000006   _HWI_INT6
00000007   _HWI_INT7
00000008   _HWI_INT8
00000009   _HWI_INT9
00000001   _HWI_NMI
00000002   _HWI_RESERVED0
00000003   _HWI_RESERVED1
00000000   _HWI_RESET
00017e10   _HWI_STKBOTTOM
00017a18   _HWI_STKTOP
0001759c   _HWI_data
00013dc0   _HWI_disable
0001720c   _HWI_dispatchTab
00013dd8   _HWI_enable
00013dec   _HWI_restore
000173d8   _H_Codec
00018500   _IDL_busyObj
0001688c   _IDL_cpuLoad
000140e0   _IDL_loop
00017580   _IRAM
00000200   _IRAM_base
00008000   _IRAM_length
0000dfc0   _IRQ_map
0000a5e0   _ISR_AIC
00016798   _K1
00017534   _KNL_alarm
00013180   _KNL_check
00017558   _KNL_curqueue
00017548   _KNL_curtask
00017550   _KNL_curtime
0001657c   _KNL_dummy
000133f4   _KNL_enter
000133a0   _KNL_exit
00013258   _KNL_idle
00017570   _KNL_idlefxn
0001753c   _KNL_inactive
00013720   _KNL_ipost
0001327c   _KNL_max
0001755c   _KNL_maxqueue
000137e0   _KNL_post
0001754c   _KNL_prevtask
00017540   _KNL_priority
000164dc   _KNL_queues
000113a0   _KNL_run
00012960   _KNL_saveIsrFrame
00017544   _KNL_set
00017538   _KNL_setpri
0001850c   _KNL_swi
00017554   _KNL_swiptr
00012a2c   _KNL_switch
00017564   _KNL_tcreatefxn
00017568   _KNL_tdeletefxn
000120a0   _KNL_tick
0001756c   _KNL_treadyfxn
00017560   _KNL_tswitchfxn
0001752c   _KNL_wFlag
00017530   _KNL_wList
000138d0   _LCK_pend
000138a0   _LCK_post
00016890   _LNK_dataPump
000175b8   _LNK_dspFrameReadyMask
000175b4   _LNK_dspFrameRequestMask
000175c0   _LNK_readDone
000175c4   _LNK_readFail
000175bc   _LNK_readPend
000175c8   _LNK_writeFail
000181e4   _LOG_A_TABBEG
000181fc   _LOG_A_TABEND
00000001   _LOG_A_TABLEN
00017318   _LOG_D_system
00013be0   _LOG_event
000181e4   _LOG_system
000173f8   _M1
000173fc   _M2
00017400   _M3
00017404   _M4
0000ec60   _MCBSP_open
0000e180   _MCBSP_reset
0000ed60   _MCBSP_start
0001760c   _MEM
000173b8   _MEM_D_NUMSEGMENTS
000173c0   _MEM_D_freelist
000173c4   _MEM_D_lockaddr
000173bc   _MEM_D_memtab
000173c8   _MEM_D_unlockaddr
00011be0   _MEM_alloc
000120c0   _MEM_free
00016b80   _MEM_init
00017574   _MEM_memtab
00017428   _N_over_X
00016da0   _OBJ_init
00016648   _OBJ_segtab
00016610   _OBJ_table
0001811c   _PIP_A_TABBEG
000181e4   _PIP_A_TABEND
00017358   _PRD_D_tick
00018598   _PRD_clock
0001745c   _RNRThres
00016894   _RTA_dispatcher
000184a4   _RTA_fromHost
000184c0   _RTA_toHost
00016dc0   _RTDX_Buffer
000171cc   _RTDX_Buffer_End
000160a0   _RTDX_Buffer_Initialize
000161e0   _RTDX_Buffer_Read
00016100   _RTDX_Buffer_ReadCB
00016160   _RTDX_Buffer_Size
000171c8   _RTDX_Buffer_Start
00016200   _RTDX_Buffer_Write
000157c0   _RTDX_Buffer_WriteCB
000161a0   _RTDX_Final_RT_Monitor
00016020   _RTDX_Init_RT_Monitor
00000002   _RTDX_JTAGONLY
00016240   _RTDX_Mask_IER
00015e00   _RTDX_Mon_Queue
000153c0   _RTDX_Poll
00000000   _RTDX_interrupt_mask
000171dc   _RTDX_writing
ffffffff   _SDRAM
00013e20   _SEM_pend
00011920   _SEM_pendEnterKnl
00013560   _SEM_post
00013560   _SEM_postBinary
00013480   _SEM_postEnterKnl
000184dc   _STS_A_TABBEG
0001850c   _STS_A_TABEND
00013c98   _STS_add
00013c60   _STS_delta
00013cc4   _STS_reset
00014100   _STS_set
000174a8   _SWI_D_curfxn
00017498   _SWI_D_curmask
0001749c   _SWI_D_curset
00017494   _SWI_D_execaddr
000174b0   _SWI_D_inswi
000174a0   _SWI_D_lock
000174ac   _SWI_D_rdybeg
00017490   _SWI_D_runaddr
00017490   _SWI_data
000102f0   _SWI_post
000173cc   _SYS
00017e18   _SYS_PUTCBEG
00018017   _SYS_PUTCEND
00013e80   _SYS_abort
00013d60   _SYS_error
00013960   _SYS_exit
00016828   _SYS_exitStack
000175f0   _SYS_exitStackPtr
000175f4   _SYS_exitStackTop
00018590   _TRC_R_mask
000175e4   _TSK
000165b4   _TSK_ATTRS
000165d0   _TSK_config
00012ce0   _TSK_exit
0001840c   _TSK_idle
00016d20   _TSK_init
000175dc   _TSK_nTasks
000175e0   _TSK_pid
00012760   _TSK_setup
000130c0   _TSK_startup
000165f0   _TSK_timerSem
00014020   _UTL_doAbort
00014120   _UTL_doError
00013ee0   _UTL_doPutc
00014140   _UTL_halt
00012cb0   __CLK_lat1beg
00012cdc   __CLK_lat1end
000100d4   __GBL_setL2CacheMode
000173d4   __HOOK_NUMHOOKS
000173d0   __HOOK_knlId
000107c0   __HWI_lat1beg
00010940   __HWI_lat1end
00010940   __HWI_lat2beg
00010ae0   __HWI_lat2end1
00010a6c   __HWI_lat2end2
00010b00   __HWI_lat3beg
00010c00   __HWI_lat3end1
00010a9c   __HWI_lat3end2
00013b60   __IDL_lat1beg
00013bb0   __IDL_lat1end
000164d4   __IRQ_dispatchTable
00016410   __IRQ_eventTable
0000f680   __IRQ_hookFetchPacket
00016494   __IRQ_intTable
000131d0   __KNL_lat1beg
00013258   __KNL_lat1end
00013be0   __LOG_lat1beg
00016768   __MCBSP_hDev0
0001676c   __MCBSP_hDev1
0001668c   __MEM_mutex
00011718   __RTA_lat1beg
00011750   __RTA_lat1end
00012540   __SEM_dopost
00000400   __STACK_SIZE
0001042c   __SWI_lat1beg
000104e0   __SWI_lat1end
000104e4   __SWI_lat2beg
00010554   __SWI_lat2end
00010280   __SWI_lat3beg
000102ec   __SWI_lat3end
00016664   __TSK_mutex
0001686c   ___TI_enable_exit_profile_output
ffffffff   ___TI_pprof_out_hndl
ffffffff   ___TI_prof_data_size
ffffffff   ___TI_prof_data_start
0000f520   ___add_dtor
00016260   ___atexit_func_id__
ffffffff   ___binit__
0001720c   ___bss__
ffffffff   ___c_args__
00014160   ___cinit__
00000000   ___data__
00000000   ___edata__
00017612   ___end__
0000f6a0   ___etext__
00018580   ___pinit__
00008200   ___text__
00012e80   __auto_init
00016864   __cleanup_ptr
0000a6a0   __divd
0000bf00   __divf
00016868   __dtors_ptr
0000c9a0   __frcmpyd_div
0000ef60   __frcmpyf_div
00016870   __lock
0000f380   __mpyll
0000f620   __nop
0000f040   __nround
0000f640   __register_lock
0000f660   __register_unlock
00017a18   __stack
0000e7c0   __strasgi
0000f5e0   __trunc
00016874   __unlock
0000bd94   _aimag
0001742c   _alpha
00017430   _alpha_lf
00017464   _alpha_lowSNR
00017460   _amp
0000ee60   _atexit
0000b000   _bitrev
00016c60   _c_int00
0000b880   _cabs
0000b984   _cadd
00008908   _calculate_g
0000e900   _call_dtors
00010f68   _calloc
0000bba8   _cdiv
0000bdcc   _cexp
0000b8f0   _cmplx
0000ba9c   _cmul
0000b930   _conjg
0000cd20   _cos
00017480   _cpufrac
0000ba10   _csub
0000b548   _dft
0000b200   _dftmerge
00016888   _dtors
000166b4   _errno
0000d660   _exp
0000b3f8   _fft
000173f4   _fftres
00017488   _frame_ptr
00010c20   _free
0000ea20   _frexp
00017410   _g
00017440   _gmode
0001744c   _gval
00017470   _highf
0000b44c   _ifft
000173dc   _inbuffer
000173e4   _inframe
00017478   _ingain
0000a0d4   _init_HWI
0000a02c   _init_hardware
00008200   _init_noisebuff
000173ec   _inwin
00017484   _io_ptr
00017434   _lambda
0000e320   _ldexp
00017454   _lfthreshold
0000d8e0   _log
0000f4c0   _log10
00017414   _lpf_mag
00017418   _lpf_power
0001746c   _lpfinput
00017444   _lpfnoise
0001748c   _m_ptr
00017408   _mag
0000a160   _main
00010c4c   _malloc
00010e14   _memalign
0000db40   _memcpy
0000eb40   _memset
0000891c   _min_3
0001743c   _mode
0000f200   _modf
0000f19c   _mono_read_16Bit
0000f174   _mono_write_16Bit
00017448   _mval
000082a8   _noise_estimation
0001740c   _noisemin
000173e0   _outbuffer
000173e8   _outframe
0001747c   _outgain
000173f0   _outwin
0000896c   _process_frame
0000bcc4   _rdiv
0000bd5c   _real
00010cd0   _realloc
00017450   _reducemusical
00017458   _residual_noise_red
0000bb3c   _rmul
000175d4   _rtdxNullChanCnt
000175d8   _rtdxNullFuncCnt
000171d0   _rtdx_buffer_state
000171f0   _rtdx_mon_state
00017468   _s
0000b08c   _shuffle
0000d060   _sin
00017474   _snrthres
0000dd80   _sqrt
0000f148   _stereo_read_16Bit
0000f120   _stereo_write_16Bit
0000afa0   _swap
00017438   _tao
0000e4c0   _wait500nS
0001741c   _y1
00017420   _y2
00017424   _y3
ffffffff   binit
00014160   cinit
00000000   edata
00017612   end
0000f6a0   etext
00000000   hwi0
00000020   hwi1
00000140   hwi10
00000160   hwi11
00000180   hwi12
000001a0   hwi13
000001c0   hwi14
000001e0   hwi15
00000040   hwi2
00000060   hwi3
00000080   hwi4
000000a0   hwi5
000000c0   hwi6
000000e0   hwi7
00000100   hwi8
00000120   hwi9
00018580   pinit


GLOBAL SYMBOLS: SORTED BY Symbol Address 

address    name
--------   ----
00000000   .data
00000000   BUF$
00000000   CLK_COUNTSPMSHIGH
00000000   CLK_PRDHIGH
00000000   CLK_TDDR
00000000   CLK_TDDRHIGH
00000000   CLK_TIMERNUM
00000000   DEV$
00000000   DGN$
00000000   DHL$
00000000   DHL_gChannelsAvailable
00000000   DIO$
00000000   DIO_NUMSWIBASE
00000000   DIO_NUMTSKBASE
00000000   DIO_STATIC
00000000   DPI$
00000000   GBL_BIGENDIAN
00000000   GBL_C641XL2PRIORITY
00000000   GBL_CACHE
00000000   GBL_L2CONFIGALLOC
00000000   GBL_L2MARMASK1
00000000   GBL_L2MARMASK2
00000000   GBL_L2MARMASK3
00000000   GBL_L2MARMASK4
00000000   GBL_L2MARMASK5
00000000   GBL_L2MODE
00000000   GBL_L2PRIORITY
00000000   GBL_NULL
00000000   GBL_PROCID
00000000   GBL_ROM
00000000   GBL_SUPPORTCSL
00000000   GIO$
00000000   HOOK$
00000000   HOOK_KNLID
00000000   HST_DSM
00000000   HST_NONE
00000000   HWI_A_VECS
00000000   HWI_GENERATE_RESET_VEC
00000000   HWI_INT10$hwi
00000000   HWI_INT11$hwi
00000000   HWI_INT12$hwi
00000000   HWI_INT13$hwi
00000000   HWI_INT14$hwi
00000000   HWI_INT15$hwi
00000000   HWI_INT4$hwi
00000000   HWI_INT5$hwi
00000000   HWI_INT6$hwi
00000000   HWI_INT7$hwi
00000000   HWI_INT8$hwi
00000000   HWI_INT9$hwi
00000000   HWI_NMI$hwi
00000000   HWI_POLARITYMASK
00000000   HWI_RESERVED0$hwi
00000000   HWI_RESERVED1$hwi
00000000   HWI_RESET
00000000   HWI_RESET$hwi
00000000   IDL_busyObj$iB
00000000   IDL_busyObj$operation
00000000   KNL_swi$ord
00000000   KNL_swi$pri
00000000   KNL_swi$sts$unittype
00000000   KNL_swi$swi
00000000   LOG_system$datatype
00000000   LOG_system$log
00000000   MBX$
00000000   MEM_NULL
00000000   MEM_USEMPC
00000000   MSGQ$
00000000   MSGQ_USEMSGQ
00000000   OBJ$
00000000   PIP$
00000000   PIP_gNextId
00000000   POOL$
00000000   POOL_USEPOOL
00000000   PRD_A_TABBEG
00000000   PRD_A_TABEND
00000000   PRD_A_TABLEN
00000000   PRD_SWIHANDLE
00000000   RTA_fromHost$hst
00000000   RTA_fromHost$mode
00000000   RTA_toHost$hst
00000000   RTA_toHost$id
00000000   RTDX_MODE
00000000   RTDX_USERTEXECUTION
00000000   SEM$
00000000   SIO$
00000000   SWI_EHOOKFXN
00000000   SWI_IHOOKFXN
00000000   TSK_NUM_HOOKS
00000000   TSK_READYFXN
00000000   TSK_STACKSEG
00000000   TSK_SWITCHFXN
00000000   TSK_idle$ord
00000000   TSK_idle$pri
00000000   TSK_idle$sts$unittype
00000000   TSK_idle$tsk
00000000   UDEV$
00000000   _CLK_TDDR
00000000   _CLK_TIMERNUM
00000000   _GBL_CACHE
00000000   _HWI_RESET
00000000   _RTDX_interrupt_mask
00000000   ___data__
00000000   ___edata__
00000000   edata
00000000   hwi0
00000001   BUF_ENABLED
00000001   CLK$
00000001   CLK_CALDIV
00000001   CLK_HTIMEDIV
00000001   CLK_LTIMEDIV
00000001   CLK_USETIMER
00000001   GBL$
00000001   GBL_CALLCSLCFGINIT
00000001   GBL_ENABLEINST
00000001   GBL_L2CONFIGURE
00000001   GBL_L2MARMASK
00000001   GBL_USERINIT
00000001   GBL_boot
00000001   HST$
00000001   HST_RTDX
00000001   HWI$
00000001   HWI_NMI
00000001   HWI_ZEROTAB
00000001   IDL$
00000001   IDL_USECLKIDLTIME
00000001   IDL_busyObj$filter
00000001   IDL_busyObj$iA
00000001   IDL_busyObj$iC
00000001   ISRC$
00000001   KNL_swi$dorta
00000001   KNL_swi$sts$filtmaxmult
00000001   KNL_swi$sts$filtsummult
00000001   LCK$
00000001   LOG$
00000001   LOG_A_TABLEN
00000001   LOG_ENABLED
00000001   MEM$
00000001   MEM_gNumHeap
00000001   PRD$
00000001   QUE$
00000001   RTA_fromHost$id
00000001   RTA_toHost$mode
00000001   RTDX$
00000001   RTDX_NORMALIZED_HDR
00000001   RTDX_USERTDX
00000001   STS$
00000001   SWI$
00000001   SWI_A_TABLEN
00000001   SYS$
00000001   TSK$
00000001   TSK_PRIORITY
00000001   TSK_idle$sts$filtmaxmult
00000001   TSK_idle$sts$filtsummult
00000001   _CLK_USETIMER
00000001   _HWI_NMI
00000001   _LOG_A_TABLEN
00000002   HWI_RESERVED0
00000002   IDL_busyObj$unittype
00000002   KNL_swi$sts$filter
00000002   PIP_A_TABLEN
00000002   PIP_gNumEmbed
00000002   TSK_idle$sts$filter
00000002   _HWI_RESERVED0
00000002   _RTDX_JTAGONLY
00000003   HWI_RESERVED1
00000003   _HWI_RESERVED1
00000004   CLK_CALMULT
00000004   CLK_HTIMEMULT
00000004   HWI_INT4
00000004   RTA_fromHost$framesize
00000004   _HWI_INT4
00000005   HWI_INT5
00000005   _HWI_INT5
00000006   HWI_INT6
00000006   IDL_CALIBRERROR
00000006   _HWI_INT6
00000007   HWI_INT7
00000007   _HWI_INT7
00000008   HWI_INT8
00000008   _HWI_INT8
00000009   HWI_INT9
00000009   _HWI_INT9
0000000a   HWI_INT10
0000000a   _HWI_INT10
0000000b   HWI_INT11
0000000b   _HWI_INT11
0000000c   HWI_INT12
0000000c   _HWI_INT12
0000000d   HWI_INT13
0000000d   _HWI_INT13
0000000e   HWI_INT14
0000000e   _HWI_INT14
0000000f   HWI_INT15
0000000f   _HWI_INT15
00000020   CLK_TCR
00000020   hwi1
0000003e   GBL_DSPTYPE
00000040   HST_MAXFRAMESET
00000040   LOG_system$size
00000040   RTA_toHost$framesize
00000040   hwi2
00000042   GBL_FOOTPRINT
00000060   hwi3
00000064   PIP_OBJSIZE
00000080   hwi4
000000a0   hwi5
000000c0   hwi6
000000e0   hwi7
000000ff   HST_MAXFRAMEALLOWED
00000100   hwi8
00000120   hwi9
00000140   hwi10
00000160   hwi11
00000180   hwi12
000001a0   hwi13
000001c0   hwi14
000001e0   hwi15
00000200   IRAM$B
00000200   _IRAM_base
000003e8   CLK_MICROSECS
00000400   HST_DSMMEMSIZE
00000400   TSK_STACKSIZE
00000400   __STACK_SIZE
00000408   RTDX_BUFMEMSIZE
00001770   GBL_CLKTYPE
00001a39   GBL_DSPSUBTYPE
00002226   GBL_L2ALLOC
00004000   CLK_INTBIT
00004000   PRD_SCALAR
00004018   HWI_CFGDISPATCHED
00004018   _HWI_CFGDISPATCHED
00004e20   GBL_CLKIN
00005205   GBL_A_VERSION
00008000   IRAM$L
00008000   _IRAM_length
00008200   .text
00008200   ___text__
00008200   _init_noisebuff
000082a8   _noise_estimation
00008908   _calculate_g
0000891c   _min_3
0000896c   _process_frame
0000a02c   _init_hardware
0000a0d4   _init_HWI
0000a160   _main
0000a5e0   _ISR_AIC
0000a6a0   __divd
0000afa0   _swap
0000b000   _bitrev
0000b08c   _shuffle
0000b200   _dftmerge
0000b3f8   _fft
0000b44c   _ifft
0000b548   _dft
0000b880   _cabs
0000b8f0   _cmplx
0000b930   _conjg
0000b984   _cadd
0000ba10   _csub
0000ba9c   _cmul
0000bb3c   _rmul
0000bba8   _cdiv
0000bcc4   _rdiv
0000bd5c   _real
0000bd94   _aimag
0000bdcc   _cexp
0000bf00   __divf
0000c520   _DSK6713_wait
0000c5c4   _DSK6713_waitusec
0000c5f8   _DSK6713_rset
0000c60c   _DSK6713_rget
0000c6a0   _DSK6713_getVersion
0000c6f0   _DSK6713_init
0000c9a0   __frcmpyd_div
0000cd20   _cos
0000d060   _sin
0000d380   _DSK6713_AIC23_openCodec
0000d660   _exp
0000d8e0   _log
0000db40   _memcpy
0000dbba   CLK_COUNTSPMS
0000dbba   CLK_HTIMEPERLTIME
0000dbba   CLK_PRD
0000dbba   _CLK_COUNTSPMS
0000dbba   _CLK_PRD
0000dbef   GBL_TRCMASKVALUE
0000dd80   _sqrt
0000dfc0   _IRQ_map
0000e180   _MCBSP_reset
0000e320   _ldexp
0000e4c0   _wait500nS
0000e4e8   GBL_USERINITFXN
0000e4e8   _GBL_setPLLto225MHz
0000e640   _DSK6713_AIC23_rset
0000e708   _DSK6713_AIC23_rget
0000e72c   _DSK6713_AIC23_config
0000e7c0   __strasgi
0000e900   _call_dtors
0000ea20   _frexp
0000eb40   _memset
0000ec60   _MCBSP_open
0000ed60   _MCBSP_start
0000ee60   _atexit
0000ef60   __frcmpyf_div
0000f040   __nround
0000f120   _stereo_write_16Bit
0000f148   _stereo_read_16Bit
0000f174   _mono_write_16Bit
0000f19c   _mono_read_16Bit
0000f200   _modf
0000f380   __mpyll
0000f4c0   _log10
0000f520   ___add_dtor
0000f5e0   __trunc
0000f620   __nop
0000f640   __register_lock
0000f660   __register_unlock
0000f680   __IRQ_hookFetchPacket
0000f6a0   LNK_F_checkBufferCall
0000f6a0   ___etext__
0000f6a0   etext
0000f6c0   LNK_F_getChanPtr
0000f718   LNK_F_init
0000f720   LNK_F_dataPump
0000f734   LNK_rcloop
0000f800   LNK_rdrtry
0000f810   LNK_rrloop
0000f8d4   LNK_wrrtry
0000f8e4   LNK_wrloop
0000f9c0   LNK_newin
0000fb00   LNK_newout
0000fc64   LNK_F_readCallBack
000100d4   __GBL_setL2CacheMode
00010280   SWI_F_enable
00010280   __SWI_lat3beg
000102ec   __SWI_lat3end
000102f0   SWI_F_post
000102f0   _SWI_post
0001042c   __SWI_lat1beg
0001049c   SWI_EXECFXN
0001049c   SWI_F_exec
000104c8   SWI_F_iexec
000104e0   __SWI_lat1end
000104e4   __SWI_lat2beg
00010554   __SWI_lat2end
00010558   SWI_F_run
00010558   SWI_RUNFXN
000107c0   CLK_HOOKFXN
000107c0   HWI_F_dispatch
000107c0   _HWI_F_dispatch
000107c0   __HWI_lat1beg
00010940   __HWI_lat1end
00010940   __HWI_lat2beg
00010a6c   __HWI_lat2end2
00010a9c   __HWI_lat3end2
00010ae0   __HWI_lat2end1
00010b00   __HWI_lat3beg
00010c00   __HWI_lat3end1
00010c20   _free
00010c4c   _malloc
00010cd0   _realloc
00010e14   _memalign
00010f68   _calloc
00011000   PRD_F_swi
000112c0   PRD_F_tick
000113a0   _KNL_run
00011660   RTA_F_getlog
000116a4   RTA_F_getsts
000116ec   RTA_F_readblk
0001170c   RTA_F_writeword
00011718   RTA_F_resetmem
00011718   __RTA_lat1beg
00011750   __RTA_lat1end
00011758   RTA_F_dispatch
000117a8   RTA_execute
00011920   _SEM_pendEnterKnl
00011be0   _MEM_alloc
000120a0   PRD_THOOKFXN
000120a0   _KNL_tick
000120c0   _MEM_free
00012300   PIP_F_take
00012394   PIP_F_give
00012394   PIP_F_probe
00012468   PIP_F_start
00012540   __SEM_dopost
00012760   _TSK_setup
00012960   _KNL_saveIsrFrame
00012a2c   _KNL_switch
00012ae0   KNL_glue
00012b20   CLK_F_getltime
00012b34   CLK_F_isr
00012c94   CLK_F_itime
00012c94   _CLK_F_itime
00012c94   _CLK_itime
00012cb0   __CLK_lat1beg
00012cdc   __CLK_lat1end
00012ce0   _TSK_exit
00012e80   __auto_init
000130c0   _TSK_startup
00013180   _KNL_check
000131d0   __KNL_lat1beg
00013258   _KNL_idle
00013258   __KNL_lat1end
0001327c   _KNL_max
000132c0   _GBL_cslCacheInit
000133a0   _KNL_exit
000133f4   _KNL_enter
00013480   _SEM_postEnterKnl
00013560   _SEM_post
00013560   _SEM_postBinary
00013640   _CLK_measure
00013720   _KNL_ipost
000137e0   _KNL_post
000138a0   _LCK_post
000138d0   _LCK_pend
00013960   _SYS_exit
00013a20   CLK_F_getfhtime
00013a40   CLK_F_gethtime
00013a40   CLK_F_getshtime
00013a40   CLK_TIMEFXN
00013ae0   FXN_F_nop
00013ae8   FXN_F_run
00013ae8   _FXN_F_run
00013b38   FXN_F_zero
00013b38   _FXN_F_zero
00013b60   IDL_F_busy
00013b60   __IDL_lat1beg
00013bb0   __IDL_lat1end
00013be0   LOG_F_event
00013be0   _LOG_event
00013be0   __LOG_lat1beg
00013c60   STS_F_delta
00013c60   _STS_delta
00013c98   STS_F_add
00013c98   _STS_add
00013cc4   STS_F_reset
00013cc4   _STS_reset
00013ce0   IDL_F_calibrate
00013d60   _SYS_error
00013dc0   _HWI_disable
00013dd8   _HWI_enable
00013dec   _HWI_restore
00013e20   _SEM_pend
00013e80   _SYS_abort
00013ee0   SYS_PUTCFXN
00013ee0   _UTL_doPutc
00013f40   _CLK_start
00013fa0   IDL_CALIBRFXN
00013fa0   IDL_F_stub
00013fe0   RTA_F_andn
00014000   RTA_F_or
00014020   SYS_ABORTFXN
00014020   _UTL_doAbort
00014060   _CLK_stop
000140a0   GIO_CREATEFXN
000140a0   GIO_DELETEFXN
000140a0   GIO_PENDFXN
000140a0   GIO_POSTFXN
000140a0   TSK_VCREATEFXN
000140a0   TSK_VDELETEFXN
000140a0   TSK_VEXITFXN
000140a0   _FXN_F_nop
000140c0   _GBL_getVersion
000140e0   IDL_F_loop
000140e0   _IDL_loop
00014100   _STS_set
00014120   SYS_ERRORFXN
00014120   _UTL_doError
00014140   SYS_EXITFXN
00014140   _UTL_halt
00014160   ___cinit__
00014160   cinit
000153ac   RTA_fromHost$buf
000153c0   _RTDX_Poll
000157c0   _RTDX_Buffer_WriteCB
00015e00   _RTDX_Mon_Queue
00016020   _RTDX_Init_RT_Monitor
000160a0   _RTDX_Buffer_Initialize
00016100   _RTDX_Buffer_ReadCB
00016160   _RTDX_Buffer_Size
000161a0   _RTDX_Final_RT_Monitor
000161e0   _RTDX_Buffer_Read
00016200   _RTDX_Buffer_Write
00016240   _RTDX_Mask_IER
00016260   ___atexit_func_id__
00016410   __IRQ_eventTable
00016494   __IRQ_intTable
000164d4   __IRQ_dispatchTable
000164dc   _KNL_queues
0001657c   _KNL_dummy
000165b4   _TSK_ATTRS
000165d0   _TSK_config
000165f0   _TSK_timerSem
00016610   _OBJ_table
00016648   _OBJ_segtab
00016664   __TSK_mutex
0001668c   __MEM_mutex
000166b4   _errno
00016768   __MCBSP_hDev0
0001676c   __MCBSP_hDev1
00016770   _Config
00016798   _K1
00016828   _SYS_exitStack
00016864   __cleanup_ptr
00016868   __dtors_ptr
0001686c   ___TI_enable_exit_profile_output
00016870   __lock
00016874   __unlock
00016888   _dtors
0001688c   IDL_A_TABBEG
0001688c   IDL_cpuLoad
0001688c   _IDL_cpuLoad
00016890   LNK_dataPump
00016890   _LNK_dataPump
00016894   RTA_dispatcher
00016894   _RTA_dispatcher
00016898   IDL_END
000168a0   BIOS_init
000168a0   _BIOS_init
00016a1c   BIOS$$CLKON
00016a5c   BIOS$$CLKOFF
00016ac4   BIOS_start
00016ac4   _BIOS_start
00016b80   _MEM_init
00016c60   _c_int00
00016d20   _TSK_init
00016da0   _OBJ_init
00016dc0   _RTDX_Buffer
000171c8   _RTDX_Buffer_Start
000171cc   _RTDX_Buffer_End
000171d0   _rtdx_buffer_state
000171dc   _RTDX_writing
000171f0   _rtdx_mon_state
0001720c   $bss
0001720c   .bss
0001720c   _HWI_dispatchTab
0001720c   ___bss__
0001730c   IDL_D_tabbeg
00017310   IDL_D_calibrate
00017314   IDL_D_calbeg
00017318   LOG_D_system
00017318   _LOG_D_system
0001731c   PIP_D_tabbeg
00017320   PIP_D_tablen
00017324   CLK_R_time
00017328   CLK_D_timefxn
0001732c   CLK_D_tabbeg
00017330   CLK_D_isrhook
00017334   CLK_D_idletime
00017338   _CLK_htimeDiv
0001733c   _CLK_htimeMult
00017340   _CLK_ltimeDiv
00017344   _CLK_ltimeMult
00017348   _CLK_D_dirty
0001734c   _CLK_D_prd
00017350   _CLK_D_tddr
00017354   _CLK_D_countspms
00017358   PRD_D_tick
00017358   _PRD_D_tick
0001735c   PRD_D_cur
00017360   PRD_D_elapsed
00017364   PRD_D_prevtim
00017368   PRD_D_scalar
0001736c   PRD_D_swihandle
00017370   PRD_D_tabbeg
00017374   PRD_D_tablen
00017378   PRD_D_thook
0001737c   RTA_D_fromHost
00017380   RTA_D_toHost
00017384   RTA_D_logval
00017394   RTA_D_stsval
000173a0   HST_D_chanmask
000173a4   HST_D_tabbeg
000173a8   HST_D_tabend
000173ac   _GBL_procId
000173b0   _GBL_clkIn
000173b4   _GBL_freq
000173b8   _MEM_D_NUMSEGMENTS
000173bc   _MEM_D_memtab
000173c0   _MEM_D_freelist
000173c4   _MEM_D_lockaddr
000173c8   _MEM_D_unlockaddr
000173cc   _SYS
000173d0   __HOOK_knlId
000173d4   __HOOK_NUMHOOKS
000173d8   _H_Codec
000173dc   _inbuffer
000173e0   _outbuffer
000173e4   _inframe
000173e8   _outframe
000173ec   _inwin
000173f0   _outwin
000173f4   _fftres
000173f8   _M1
000173fc   _M2
00017400   _M3
00017404   _M4
00017408   _mag
0001740c   _noisemin
00017410   _g
00017414   _lpf_mag
00017418   _lpf_power
0001741c   _y1
00017420   _y2
00017424   _y3
00017428   _N_over_X
0001742c   _alpha
00017430   _alpha_lf
00017434   _lambda
00017438   _tao
0001743c   _mode
00017440   _gmode
00017444   _lpfnoise
00017448   _mval
0001744c   _gval
00017450   _reducemusical
00017454   _lfthreshold
00017458   _residual_noise_red
0001745c   _RNRThres
00017460   _amp
00017464   _alpha_lowSNR
00017468   _s
0001746c   _lpfinput
00017470   _highf
00017474   _snrthres
00017478   _ingain
0001747c   _outgain
00017480   _cpufrac
00017484   _io_ptr
00017488   _frame_ptr
0001748c   _m_ptr
00017490   SWI_D_runaddr
00017490   _SWI_D_runaddr
00017490   _SWI_data
00017494   SWI_D_execaddr
00017494   _SWI_D_execaddr
00017498   SWI_D_curmask
00017498   _SWI_D_curmask
0001749c   SWI_D_curset
0001749c   _SWI_D_curset
000174a0   SWI_D_lock
000174a0   _SWI_D_lock
000174a4   SWI_D_curmbox
000174a8   SWI_D_curfxn
000174a8   _SWI_D_curfxn
000174ac   SWI_D_rdybeg
000174ac   _SWI_D_rdybeg
000174b0   SWI_D_inswi
000174b0   _SWI_D_inswi
000174b4   SWI_D_rdytab
0001752c   _KNL_wFlag
00017530   _KNL_wList
00017534   _KNL_alarm
00017538   _KNL_setpri
0001753c   _KNL_inactive
00017540   _KNL_priority
00017544   _KNL_set
00017548   _KNL_curtask
0001754c   _KNL_prevtask
00017550   _KNL_curtime
00017554   _KNL_swiptr
00017558   _KNL_curqueue
0001755c   _KNL_maxqueue
00017560   _KNL_tswitchfxn
00017564   _KNL_tcreatefxn
00017568   _KNL_tdeletefxn
0001756c   _KNL_treadyfxn
00017570   _KNL_idlefxn
00017574   _MEM_memtab
00017580   HST_DSMBUFSEG
00017580   IRAM
00017580   MEM_MALLOCSEG
00017580   MEM_SEGZERO
00017580   RTDX_DATAMEMSEG
00017580   _IRAM
00017584   RTA_fromHost$pipe$dtab
00017590   RTA_toHost$pipe$dtab
0001759c   HWI_D_spsave
0001759c   _HWI_D_spsave
0001759c   _HWI_data
000175a8   _HWI_D_inhwi
000175ac   HWI_D_bss
000175b0   HWI_D_ccmask
000175b4   LNK_dspFrameRequestMask
000175b4   _LNK_dspFrameRequestMask
000175b8   LNK_dspFrameReadyMask
000175b8   _LNK_dspFrameReadyMask
000175bc   LNK_readPend
000175bc   _LNK_readPend
000175c0   LNK_readDone
000175c0   _LNK_readDone
000175c4   LNK_readFail
000175c4   _LNK_readFail
000175c8   LNK_writeFail
000175c8   _LNK_writeFail
000175d4   _rtdxNullChanCnt
000175d8   _rtdxNullFuncCnt
000175dc   _TSK_nTasks
000175e0   _TSK_pid
000175e4   _TSK
000175e8   _CLK_DFLTMICROSECS
000175ec   _CLK_D_microseconds
000175f0   _SYS_exitStackPtr
000175f4   _SYS_exitStackTop
000175f8   _DSK6713_AIC23_codeccontrolhandle
000175fc   _DSK6713_AIC23_codecdatahandle
00017600   _CLK_htimePerLtime
00017608   IDL_D_busyObj
0001760c   _MEM
00017610   _DSK6713_version
00017612   ___end__
00017612   end
00017618   TSK_idle$stack
000179b0   TSK_idle$stkptr
00017a18   GBL_stackbeg
00017a18   _HWI_STKTOP
00017a18   __stack
00017e10   _HWI_STKBOTTOM
00017e17   GBL_stackend
00017e18   _SYS_PUTCBEG
00018017   _SYS_PUTCEND
00018119   KNL_swi$sts$maxfmt
0001811c   PIP_A_TABBEG
0001811c   RTA_fromHost$pipe
0001811c   _PIP_A_TABBEG
00018120   RTA_fromHost$pipe$rd
00018121   KNL_swi$sts$sumfmt
00018129   KNL_swi$sts$avgfmt
00018133   TSK_idle$sts$maxfmt
0001813b   TSK_idle$sts$sumfmt
00018143   TSK_idle$sts$avgfmt
0001814c   RTA_fromHost$pipe$aaa
0001814d   IDL_busyObj$maxfmt
00018150   IDL_busyObj$sumfmt
00018150   RTA_fromHost$pipe$wr
00018153   IDL_busyObj$avgfmt
0001817c   RTA_fromHost$pipe$bbb
00018180   RTA_toHost$pipe
00018184   RTA_toHost$pipe$rd
000181b0   RTA_toHost$pipe$aaa
000181b4   RTA_toHost$pipe$wr
000181e0   RTA_toHost$pipe$bbb
000181e4   LOG_A_TABBEG
000181e4   LOG_system
000181e4   PIP_A_TABEND
000181e4   _LOG_A_TABBEG
000181e4   _LOG_system
000181e4   _PIP_A_TABEND
000181fc   LOG_A_TABEND
000181fc   _LOG_A_TABEND
00018200   LOG_system$buf
00018300   RTA_toHost$buf
0001840c   TSK_idle
0001840c   _TSK_idle
000184a0   HST_A_TABBEG
000184a0   _HST_A_TABBEG
000184a4   RTA_fromHost
000184a4   _RTA_fromHost
000184ac   RTA_fromHost$rtdx
000184c0   RTA_toHost
000184c0   _RTA_toHost
000184c8   RTA_toHost$rtdx
000184dc   HST_A_TABEND
000184dc   KNL_swi$sts$stsobj
000184dc   STS_A_TABBEG
000184dc   _HST_A_TABEND
000184dc   _STS_A_TABBEG
000184e0   KNL_swi$sts
000184ec   TSK_idle$sts$stsobj
000184f0   TSK_idle$sts
000184fc   IDL_busyObj$stsobj
00018500   IDL_busyObj
00018500   _IDL_busyObj
0001850c   KNL_swi
0001850c   STS_A_TABEND
0001850c   SWI_A_TABBEG
0001850c   _KNL_swi
0001850c   _STS_A_TABEND
00018538   SWI_A_TABEND
00018560   IDL_A_CALBEG
00018560   IDL_cpuLoad$
00018564   LNK_dataPump$
00018568   RTA_dispatcher$
0001856c   IDL_END$
00018570   SYS$config
00018580   ___pinit__
00018580   pinit
0001858c   TRC_cinit
00018590   TRC_R_mask
00018590   _TRC_R_mask
00018594   GBL_initdone
00018598   CLK_A_TABBEG
00018598   PRD_clock
00018598   _PRD_clock
0001859c   CLK_null
00036ee8   CLK_LTIMEMULT
00036ee8   GBL_FREQ
01940000   CLK_REGS
01940000   _CLK_REGS
082039a3   HWI_INTRMULTHIGH
310718af   HWI_INTRMULTLOW
ffffffff   SDRAM
ffffffff   _SDRAM
ffffffff   ___TI_pprof_out_hndl
ffffffff   ___TI_prof_data_size
ffffffff   ___TI_prof_data_start
ffffffff   ___binit__
ffffffff   ___c_args__
ffffffff   binit

[810 symbols]
